openapi: 3.1.0
info:
    title: Laravel
    version: 0.0.1
servers:
    - { url: 'http://localhost/api' }
paths:
    '/test/{user}': { get: { operationId: errorsResponsesTest.addsNotFoundErrorResponse, tags: [ErrorsResponsesTest_], parameters: [{ name: user, in: path, required: true, description: 'The user ID', schema: { type: integer } }], responses: { 200: { description: '' }, 404: { $ref: '#/components/responses/ModelNotFoundException' }, 403: { $ref: '#/components/responses/AuthorizationException' } } } }
components:
    responses: { ModelNotFoundException: { description: 'Not found', content: { application/json: { schema: { type: object, properties: { message: { type: string, description: 'Error overview.' } }, required: [message] } } } }, AuthorizationException: { description: 'Authorization error', content: { application/json: { schema: { type: object, properties: { message: { type: string, description: 'Error overview.' } }, required: [message] } } } } }
