array{0: Illuminate\Http\Resources\MergeValue<boolean(true), array{foo: string(bar)}>, 1: Illuminate\Http\Resources\MergeValue<boolean, array{foo: string(bar), id_inside: int}>, when: list{string(wiw)}|Illuminate\Http\Resources\MissingValue, item: InferTypesTest_SampleTwoJsonResource<Dedoc\Scramble\Tests\Files\SampleUserModel>, item_make: InferTypesTest_SampleTwoJsonResource<Dedoc\Scramble\Tests\Files\SampleUserModel>, items: Illuminate\Http\Resources\Json\AnonymousResourceCollection<Dedoc\Scramble\Tests\Files\SampleUserModel, array<mixed>, InferTypesTest_SampleTwoJsonResource>, optional_when_new: InferTypesTest_SampleTwoJsonResource<Dedoc\Scramble\Tests\Files\SampleUserModel>|Illuminate\Http\Resources\MissingValue, 2: Illuminate\Http\Resources\MergeValue<boolean, array{threads: list{Illuminate\Http\Resources\MergeValue<boolean, array{brand: InferTypesTest_SampleTwoJsonResource<null>}>}}>, _test: int(1), with_doc: unknown, when_with_doc: string(wiw)|Illuminate\Http\Resources\MissingValue, some: unknown, id: int, email: string}