type: object
properties:
    id: { type: integer }
    status: { type: object }
    user_id: { type: integer }
    title: { type: string }
    settings: { type: [array, 'null'], items: {  } }
    body: { type: string }
    approved_at: { type: [string, 'null'], format: date-time }
    created_at: { type: [string, 'null'], format: date-time }
    updated_at: { type: [string, 'null'], format: date-time }
    deleted_at: { type: [string, 'null'], format: date-time }
    parent: { $ref: '#/components/schemas/SamplePostModel' }
    children: { type: array, items: { $ref: '#/components/schemas/SamplePostModel' } }
    user: { $ref: '#/components/schemas/SampleUserModel' }
required:
    - id
    - status
    - user_id
    - title
    - settings
    - body
    - approved_at
    - created_at
    - updated_at
    - deleted_at
