description: 'Paginated set of `UserResource`'
content:
    application/json: { schema: { type: object, properties: { data: { $ref: '#/components/schemas/UserCollection_Eight' }, links: { type: object, properties: { first: { type: [string, 'null'] }, last: { type: [string, 'null'] } }, required: [first, last] } }, required: [data, links] } }
