response:
    description: '`UserCollection_Three`'
    content: { application/json: { schema: { type: object, properties: { data: { $ref: '#/components/schemas/UserCollection_Three' } }, required: [data] } } }
components:
    schemas: { UserCollection_Three: { type: array, items: { $ref: '#/components/schemas/UserResource' }, title: UserCollection_Three }, UserResource: { type: object, properties: { id: { type: integer, enum: [1] } }, required: [id], title: UserResource } }
