description: 'Paginated set of `UserResource`'
content:
    application/json: { schema: { type: object, properties: { data: { $ref: '#/components/schemas/UserCollection_Five' }, links: { type: object, properties: { first: { type: [string, 'null'] }, last: { type: [string, 'null'] }, prev: { type: [string, 'null'] }, next: { type: [string, 'null'] }, custom: { type: string, enum: ['https://example.com'] } }, required: [first, last, prev, next, custom] }, meta: { type: object, properties: { current_page: { type: integer }, from: { type: [integer, 'null'] }, last_page: { type: integer }, links: { type: array, description: 'Generated paginator links.', items: { type: object, properties: { url: { type: [string, 'null'] }, label: { type: string }, active: { type: boolean } }, required: [url, label, active] } }, path: { type: [string, 'null'], description: 'Base path for paginator generated URLs.' }, per_page: { type: integer, description: 'Number of items shown per page.' }, to: { type: [integer, 'null'], description: 'Number of the last item in the slice.' }, total: { type: integer, description: 'Total number of items being paginated.' } }, required: [current_page, from, last_page, links, path, per_page, to, total] } }, required: [data, links, meta] } }
