openapi: 3.1.0
info:
    title: Laravel
    version: 0.0.1
servers:
    - { url: 'http://localhost/api' }
paths:
    /test: { get: { operationId: fooTestThree.index, tags: [Foo_TestThree], responses: { 200: { description: '', content: { application/json: { schema: { anyOf: [{ type: object, properties: { foo: { type: string, enum: [bar] } }, required: [foo] }, { type: object, properties: { foo: { type: string, enum: [one] } }, required: [foo] }] } } } }, 500: { description: '', content: { application/json: { schema: { type: object, properties: { error: { type: object, properties: { msg: { type: string }, code: { type: integer } }, required: [msg, code] } }, required: [error] } } } } } } }
