type: object
properties:
    opt_foo_new: { $ref: '#/components/schemas/ComplexTypeHandlersWithWhen_SampleType' }
    opt_foo_make: { $ref: '#/components/schemas/ComplexTypeHandlersWithWhen_SampleType' }
    opt_foo_collection: { type: array, items: { $ref: '#/components/schemas/ComplexTypeHandlersWithWhen_SampleType' } }
    foo_new: { $ref: '#/components/schemas/ComplexTypeHandlersWithWhen_SampleType' }
    foo_make: { $ref: '#/components/schemas/ComplexTypeHandlersWithWhen_SampleType' }
    foo_collection: { type: array, items: { $ref: '#/components/schemas/ComplexTypeHandlersWithWhen_SampleType' } }
    bar: { type: integer, enum: [1] }
    bar_nullable: { type: [string, 'null'], enum: [s] }
required:
    - foo_new
    - foo_make
    - foo_collection
    - bar_nullable
