type: object
properties:
    foo: { type: integer, enum: [1] }
    bar: { type: [string, 'null'], enum: [b] }
required:
    - bar
